2026-09-29 15:09:58 ASGBOOM started (LIVE), window 09:17-15:12
2026-09-29 15:09:59 Sent: ASGBOOM | Alert Time 15:06
2026-09-29 15:13:29 Reached 15:12 - ASGBOOM stopped for today.
2026-09-30 08:34:21 ASGBOOM started (LIVE), window 09:17-15:12
2026-09-30 08:37:38 ASGBOOM stopped by user (Ctrl+C).
2026-09-30 12:18:07 ASGBOOM started (LIVE), window 09:17-15:12
2026-09-30 12:18:24 Sent: ASGBOOM | Alert Time 12:16
2026-09-30 12:21:24 Trigger: BN near 54,877; BN near 54,830.61
2026-09-30 12:21:24 Sent: ASGBOOM | Alert Time 12:21
2026-09-30 12:26:24 Trigger: BN near 55,115.22; MID near 13,794.14
2026-09-30 12:26:25 Sent: ASGBOOM | Alert Time 12:26
2026-09-30 12:36:25 Trigger: NIFTY move +60; BN move +182
2026-09-30 12:36:26 Sent: ASGBOOM | Alert Time 12:36
2026-09-30 12:51:26 Trigger: MID move +48
2026-09-30 12:51:27 Sent: ASGBOOM | Alert Time 12:51
2026-09-30 13:46:28 Trigger: NIFTY move -50
2026-09-30 13:46:44 Sent: ASGBOOM | Alert Time 13:46
2026-09-30 14:26:14 Trigger: NIFTY move -55; BN move -195; MID move -42
2026-09-30 14:26:15 Sent: ASGBOOM | Alert Time 14:26
2026-09-30 14:40:15 Trigger: NIFTY move -59; BN move -158
2026-09-30 14:40:16 Sent: ASGBOOM | Alert Time 14:40
2026-09-30 15:13:16 Reached 15:12 - ASGBOOM stopped for today.
2026-10-01 09:14:55 ASGBOOM started (LIVE), window 09:17-15:12
2026-10-01 09:17:27 Sent: ASGBOOM | Alert Time 09:16
2026-10-01 09:21:27 Trigger: BN near 54,877; BN near 54,830.61; MID move -38
2026-10-01 09:21:28 Sent: ASGBOOM | Alert Time 09:21
2026-10-01 09:26:28 Trigger: MID move -34
2026-10-01 09:26:43 Sent: ASGBOOM | Alert Time 09:26
2026-10-01 09:31:13 Trigger: MID move +53
2026-10-01 09:31:14 Sent: ASGBOOM | Alert Time 09:31
2026-10-01 09:41:03 ASGBOOM stopped by user (Ctrl+C).
2026-10-01 09:41:05 ASGBOOM started (LIVE), window 09:17-15:12
2026-10-01 09:56:06 Trigger: MID move -33
2026-10-01 09:56:07 Sent: ASGBOOM | Alert Time 09:56 | MID move -33
2026-10-01 10:01:07 Trigger: MID move +33
2026-10-01 10:01:08 Sent: ASGBOOM | Alert Time 10:01 | MID move +33
2026-10-01 10:26:08 Trigger: MID move +43
2026-10-01 10:26:09 Sent: ASGBOOM | Alert Time 10:26 | MID move +43
2026-10-01 10:31:09 Trigger: BN move +177; BN near 55,115.22
2026-10-01 10:31:10 Sent: ASGBOOM | Alert Time 10:31 | BN move +177; BN near 55,115.22
2026-10-01 11:26:11 Trigger: BN move -164
2026-10-01 11:26:12 Sent: ASGBOOM | Alert Time 11:26 | BN move -164
2026-10-01 11:46:12 Trigger: BN move +169
2026-10-01 11:46:13 Sent: ASGBOOM | Alert Time 11:46 | BN move +169
2026-10-01 12:11:13 Trigger: NIFTY move -53; BN move -169; MID move -57
2026-10-01 12:11:14 Sent: ASGBOOM | Alert Time 12:11 | NIFTY move -53; BN move -169; MID move -57
2026-10-01 12:17:03 ASGBOOM stopped by user (Ctrl+C).
2026-10-01 12:17:06 ASGBOOM started (LIVE), window 09:17-15:12
2026-10-01 12:26:06 Trigger: MID move -36
2026-10-01 12:26:08 Sent: ASGBOOM | Alert Time 12:26 | MID move -36
2026-10-01 12:31:08 Trigger: BN move -153
2026-10-01 12:31:09 Sent: ASGBOOM | Alert Time 12:31 | BN move -153
2026-10-01 12:46:09 Trigger: NIFTY move -91; MID move -50
2026-10-01 12:46:10 Sent: ASGBOOM | Alert Time 12:46 | NIFTY move -91; MID move -50
2026-10-01 12:51:10 Trigger: BN move -184; MID move -32
2026-10-01 12:51:10 Sent: ASGBOOM | Alert Time 12:51 | BN move -184; MID move -32
2026-10-01 12:56:10 Trigger: NIFTY move -77; MID move -30
2026-10-01 12:56:26 Sent: ASGBOOM | Alert Time 12:56 | NIFTY move -77; MID move -30
2026-10-01 13:01:26 Trigger: BN move -173
2026-10-01 13:01:27 Sent: ASGBOOM | Alert Time 13:01 | BN move -173
2026-10-01 13:06:27 Trigger: MID move +31
2026-10-01 13:06:28 Sent: ASGBOOM | Alert Time 13:06 | MID move +31
2026-10-01 13:31:28 Trigger: MID move -37
2026-10-01 13:31:44 Sent: ASGBOOM | Alert Time 13:31 | MID move -37
2026-10-01 13:46:14 Trigger: MID move -40
2026-10-01 13:46:15 Sent: ASGBOOM | Alert Time 13:46 | MID move -40
2026-10-01 13:51:15 Trigger: NIFTY move -58
2026-10-01 13:51:16 Sent: ASGBOOM | Alert Time 13:51 | NIFTY move -58
2026-10-01 14:06:17 Trigger: BN move -203; MID move -37
2026-10-01 14:06:17 Sent: ASGBOOM | Alert Time 14:06 | BN move -203; MID move -37
2026-10-01 14:26:18 Trigger: MID move +33
2026-10-01 14:26:18 Sent: ASGBOOM | Alert Time 14:26 | MID move +33
2026-10-01 14:31:19 Trigger: NIFTY move +57; BN move +237; MID move +50
2026-10-01 14:31:34 Sent: ASGBOOM | Alert Time 14:31 | NIFTY move +57; BN move +237; MID move +50
2026-10-01 14:51:05 Trigger: MID move +30
2026-10-01 14:51:06 Sent: ASGBOOM | Alert Time 14:51 | MID move +30
2026-10-01 14:56:06 Trigger: NIFTY move +66
2026-10-01 14:56:22 Sent: ASGBOOM | Alert Time 14:56 | NIFTY move +66
2026-10-01 15:06:22 Trigger: BN move +179
2026-10-01 15:06:23 Sent: ASGBOOM | Alert Time 15:06 | BN move +179
2026-10-01 15:13:23 Reached 15:12 - ASGBOOM stopped for today.
2026-10-05 07:34:29 ASGBOOM started (LIVE), window 09:17-15:12
2026-10-05 09:17:46 Sent: ASGBOOM | Alert Time 09:16 | Initial
2026-10-05 09:21:16 Trigger: BN near 55,115.22
2026-10-05 09:21:17 Sent: ASGBOOM | Alert Time 09:21 | BN near 55,115.22
2026-10-05 09:26:17 Trigger: MID move -37
2026-10-05 09:26:18 Sent: ASGBOOM | Alert Time 09:26 | MID move -37
2026-10-05 09:41:18 Trigger: BN near 54,877
2026-10-05 09:41:19 Sent: ASGBOOM | Alert Time 09:41 | BN near 54,877
2026-10-05 09:51:19 Trigger: NIFTY move +72; MID move +42
2026-10-05 09:51:20 Sent: ASGBOOM | Alert Time 09:51 | NIFTY move +72; MID move +42
2026-10-05 10:01:20 Trigger: BN near 54,830.61
2026-10-05 10:01:20 Sent: ASGBOOM | Alert Time 10:01 | BN near 54,830.61
2026-10-05 10:01:20 Divergence: OPPOSITE: NIFTY up, BN down gap -177
2026-10-05 10:01:21 Sent: ASGBOOM | Alert Time 10:01 | DIVERGENCE: OPPOSITE: NIFTY up, BN down
2026-10-05 10:06:21 Trigger: NIFTY move -79; BN move -195
2026-10-05 10:06:22 Sent: ASGBOOM | Alert Time 10:06 | NIFTY move -79; BN move -195
2026-10-05 10:26:22 Trigger: NIFTY move -62; MID move -53
2026-10-05 10:26:23 Sent: ASGBOOM | Alert Time 10:26 | NIFTY move -62; MID move -53
2026-10-05 10:51:23 Trigger: MID move +31
2026-10-05 10:51:24 Sent: ASGBOOM | Alert Time 10:51 | MID move +31
2026-10-05 10:56:24 Trigger: BN move -166
2026-10-05 10:56:25 Sent: ASGBOOM | Alert Time 10:56 | BN move -166
2026-10-05 11:41:25 Trigger: MID move -31
2026-10-05 11:41:26 Sent: ASGBOOM | Alert Time 11:41 | MID move -31
2026-10-05 11:46:26 Trigger: BN move -155
2026-10-05 11:46:27 Sent: ASGBOOM | Alert Time 11:46 | BN move -155
2026-10-05 12:01:27 Trigger: NIFTY move -56; MID move -35
2026-10-05 12:01:28 Sent: ASGBOOM | Alert Time 12:01 | NIFTY move -56; MID move -35
2026-10-05 12:21:28 Trigger: MID move +35
2026-10-05 12:21:29 Sent: ASGBOOM | Alert Time 12:21 | MID move +35
2026-10-05 12:51:29 Trigger: NIFTY move +54; BN move +151
2026-10-05 12:51:30 Sent: ASGBOOM | Alert Time 12:51 | NIFTY move +54; BN move +151
2026-10-05 13:41:30 Trigger: NIFTY move +75; MID move +44
2026-10-05 13:41:46 Sent: ASGBOOM | Alert Time 13:41 | NIFTY move +75; MID move +44
2026-10-05 13:56:16 Trigger: BN move +197
2026-10-05 13:56:17 Sent: ASGBOOM | Alert Time 13:56 | BN move +197
2026-10-05 14:06:17 Trigger: MID move -46
2026-10-05 14:06:18 Sent: ASGBOOM | Alert Time 14:06 | MID move -46
2026-10-05 14:56:18 Trigger: BN move -162
2026-10-05 14:56:19 Sent: ASGBOOM | Alert Time 14:56 | BN move -162
2026-10-05 15:13:19 Reached 15:12 - ASGBOOM stopped for today.
2026-10-06 08:58:34 ASGBOOM started (LIVE), window 09:17-15:12
2026-10-06 09:17:04 Telegram send failed (attempt 1): ConnectionError
2026-10-06 09:17:10 Sent: ASGBOOM | Alert Time 09:16 | Initial
2026-10-06 09:21:10 Trigger: BN near 54,877; BN near 54,830.61; MID move +33
2026-10-06 09:21:11 Sent: ASGBOOM | Alert Time 09:21 | BN near 54,877; BN near 54,830.61; MID move +33
2026-10-06 09:36:11 Trigger: BN near 55,115.22
2026-10-06 09:36:12 Sent: ASGBOOM | Alert Time 09:36 | BN near 55,115.22
2026-10-06 09:41:12 Trigger: NIFTY move +56; MID move +39
2026-10-06 09:41:28 Sent: ASGBOOM | Alert Time 09:41 | NIFTY move +56; MID move +39
2026-10-06 09:56:28 Trigger: BN move +152; MID move +32
2026-10-06 09:56:29 Sent: ASGBOOM | Alert Time 09:56 | BN move +152; MID move +32
2026-10-06 10:11:29 Trigger: MID move -32
2026-10-06 10:11:30 Sent: ASGBOOM | Alert Time 10:11 | MID move -32
2026-10-06 11:06:30 Trigger: NIFTY move +66
2026-10-06 11:06:31 Sent: ASGBOOM | Alert Time 11:06 | NIFTY move +66
2026-10-06 11:41:31 Trigger: MID move +35
2026-10-06 11:41:32 Sent: ASGBOOM | Alert Time 11:41 | MID move +35
2026-10-06 11:51:32 Trigger: MID near 13,794.14
2026-10-06 11:51:33 Sent: ASGBOOM | Alert Time 11:51 | MID near 13,794.14
2026-10-06 12:06:33 Trigger: MID move +34
2026-10-06 12:06:34 Sent: ASGBOOM | Alert Time 12:06 | MID move +34
2026-10-06 15:06:07 Divergence: BN weaker gap -251
2026-10-06 15:06:08 Sent: ASGBOOM | Alert Time 15:06 | DIVERGENCE: BN weaker
2026-10-06 15:13:08 Reached 15:12 - ASGBOOM stopped for today.
2026-10-07 08:04:41 ASGBOOM started (LIVE), window 09:17-15:12
2026-10-07 08:05:14 ASGBOOM stopped by user (Ctrl+C).
2026-10-07 08:05:55 ASGBOOM started (LIVE), window 09:17-15:12
2026-10-07 09:17:26 Sent: ASGBOOM | Alert Time 09:16 | Initial
2026-10-07 09:21:26 Trigger: BN near 54,877; BN near 54,830.61; MID near 13,794.14
2026-10-07 09:21:27 Sent: ASGBOOM | Alert Time 09:21 | BN near 54,877; BN near 54,830.61; MID near 13,794.14
2026-10-07 09:31:27 Trigger: MID move +46
2026-10-07 09:31:28 Sent: ASGBOOM | Alert Time 09:31 | MID move +46
2026-10-07 09:41:28 Trigger: MID move -48
2026-10-07 09:41:29 Sent: ASGBOOM | Alert Time 09:41 | MID move -48
2026-10-07 10:01:29 Trigger: MID move +40
2026-10-07 10:01:45 Sent: ASGBOOM | Alert Time 10:01 | MID move +40
2026-10-07 10:11:15 Trigger: BN move +165
2026-10-07 10:11:16 Sent: ASGBOOM | Alert Time 10:11 | BN move +165
2026-10-07 10:16:16 Trigger: BN near 55,115.22
2026-10-07 10:16:17 Sent: ASGBOOM | Alert Time 10:16 | BN near 55,115.22
2026-10-07 10:16:17 Divergence: BN stronger gap +281
2026-10-07 10:16:18 Sent: ASGBOOM | Alert Time 10:16 | DIVERGENCE: BN stronger
2026-10-07 10:21:18 Trigger: NIFTY move +58; BN move +293; MID move +34
2026-10-07 10:21:18 Sent: ASGBOOM | Alert Time 10:21 | NIFTY move +58; BN move +293; MID move +34
2026-10-07 10:36:19 Trigger: MID move -48
2026-10-07 10:36:19 Sent: ASGBOOM | Alert Time 10:36 | MID move -48
2026-10-07 10:56:20 Trigger: MID move +32
2026-10-07 10:56:20 Sent: ASGBOOM | Alert Time 10:56 | MID move +32
2026-10-07 13:01:21 Trigger: NIFTY move -56; BN move -219; MID move -39
2026-10-07 13:01:22 Sent: ASGBOOM | Alert Time 13:01 | NIFTY move -56; BN move -219; MID move -39
2026-10-07 13:11:22 Trigger: NIFTY move -53; MID move -50
2026-10-07 13:11:23 Sent: ASGBOOM | Alert Time 13:11 | NIFTY move -53; MID move -50
2026-10-07 13:31:23 Trigger: MID move +30
2026-10-07 13:31:24 Sent: ASGBOOM | Alert Time 13:31 | MID move +30
2026-10-07 14:31:25 Trigger: NIFTY move +73; BN move +260; MID move +42
2026-10-07 14:31:26 Sent: ASGBOOM | Alert Time 14:31 | NIFTY move +73; BN move +260; MID move +42
2026-10-07 14:51:26 Trigger: MID move -40
2026-10-07 14:51:27 Sent: ASGBOOM | Alert Time 14:51 | MID move -40
2026-10-07 15:01:27 Trigger: BN move -161
2026-10-07 15:01:28 Sent: ASGBOOM | Alert Time 15:01 | BN move -161
2026-10-07 15:06:28 Trigger: NIFTY move -50
2026-10-07 15:06:29 Sent: ASGBOOM | Alert Time 15:06 | NIFTY move -50
2026-10-07 15:13:29 Reached 15:12 - ASGBOOM stopped for today.
2026-10-08 08:24:10 ASGBOOM started (LIVE), window 09:17-15:12
2026-10-08 09:17:10 Sent: ASGBOOM | Alert Time 09:16 | Initial
2026-10-08 09:21:10 Trigger: BN near 54,877; BN near 54,830.61
2026-10-08 09:21:11 Sent: ASGBOOM | Alert Time 09:21 | BN near 54,877; BN near 54,830.61
2026-10-08 09:26:11 Trigger: MID move -69
2026-10-08 09:26:12 Sent: ASGBOOM | Alert Time 09:26 | MID move -69
2026-10-08 09:31:12 Trigger: MID move +49
2026-10-08 09:31:13 Sent: ASGBOOM | Alert Time 09:31 | MID move +49
2026-10-08 09:41:13 Trigger: MID move -31
2026-10-08 09:41:14 Sent: ASGBOOM | Alert Time 09:41 | MID move -31
2026-10-08 09:46:14 Trigger: NIFTY move -78
2026-10-08 09:46:15 Sent: ASGBOOM | Alert Time 09:46 | NIFTY move -78
2026-10-08 09:56:15 Divergence: OPPOSITE: NIFTY down, BN up gap +238
2026-10-08 09:56:15 Sent: ASGBOOM | Alert Time 09:56 | DIVERGENCE: OPPOSITE: NIFTY down, BN up
2026-10-08 10:11:16 Trigger: MID move +30
2026-10-08 10:11:16 Sent: ASGBOOM | Alert Time 10:11 | MID move +30
2026-10-08 10:16:16 Trigger: BN move +152; BN near 55,115.22
2026-10-08 10:16:17 Sent: ASGBOOM | Alert Time 10:16 | BN move +152; BN near 55,115.22
2026-10-08 10:31:18 Trigger: MID move -30
2026-10-08 10:31:18 Sent: ASGBOOM | Alert Time 10:31 | MID move -30
2026-10-08 11:26:19 Trigger: NIFTY move -93; BN move -211; MID move -66
2026-10-08 11:26:20 Sent: ASGBOOM | Alert Time 11:26 | NIFTY move -93; BN move -211; MID move -66
2026-10-08 12:21:20 Trigger: MID move -46
2026-10-08 12:21:21 Sent: ASGBOOM | Alert Time 12:21 | MID move -46
2026-10-08 12:31:21 Trigger: NIFTY move -56
2026-10-08 12:31:22 Sent: ASGBOOM | Alert Time 12:31 | NIFTY move -56
2026-10-08 13:16:22 Trigger: MID move -39
2026-10-08 13:16:23 Sent: ASGBOOM | Alert Time 13:16 | MID move -39
2026-10-08 13:21:23 Trigger: NIFTY move -66; BN move -170
2026-10-08 13:21:24 Sent: ASGBOOM | Alert Time 13:21 | NIFTY move -66; BN move -170
2026-10-08 13:36:24 Trigger: MID move +30
2026-10-08 13:36:25 Sent: ASGBOOM | Alert Time 13:36 | MID move +30
2026-10-08 13:46:25 Trigger: MID move -37
2026-10-08 13:46:26 Sent: ASGBOOM | Alert Time 13:46 | MID move -37
2026-10-08 14:11:26 Trigger: BN move -187; MID move -38
2026-10-08 14:11:27 Sent: ASGBOOM | Alert Time 14:11 | BN move -187; MID move -38
2026-10-08 14:40:27 Trigger: BN move +172
2026-10-08 14:40:28 Sent: ASGBOOM | Alert Time 14:40 | BN move +172
2026-10-08 15:06:28 Trigger: MID move -34
2026-10-08 15:06:29 Sent: ASGBOOM | Alert Time 15:06 | MID move -34
2026-10-08 15:13:29 Reached 15:12 - ASGBOOM stopped for today.
2026-10-09 07:39:28 ASGBOOM started (LIVE), window 09:17-15:12
2026-10-09 09:17:45 Sent: ASGBOOM | Alert Time 09:16 | Initial
2026-10-09 09:21:15 Trigger: BN near 54,877; BN near 54,830.61; MID move -46
2026-10-09 09:21:16 Sent: ASGBOOM | Alert Time 09:21 | BN near 54,877; BN near 54,830.61; MID move -46
2026-10-09 09:26:16 Trigger: NIFTY move -54; MID move -67
2026-10-09 09:26:17 Sent: ASGBOOM | Alert Time 09:26 | NIFTY move -54; MID move -67
2026-10-09 09:31:17 Trigger: NIFTY move +71; MID move +74
2026-10-09 09:31:18 Sent: ASGBOOM | Alert Time 09:31 | NIFTY move +71; MID move +74
2026-10-09 09:36:18 Trigger: BN move +279; BN near 55,115.22
2026-10-09 09:36:18 Sent: ASGBOOM | Alert Time 09:36 | BN move +279; BN near 55,115.22
2026-10-09 09:41:18 Trigger: MID move +41
2026-10-09 09:41:34 Sent: ASGBOOM | Alert Time 09:41 | MID move +41
2026-10-09 09:46:04 Trigger: NIFTY move +65
2026-10-09 09:46:05 Sent: ASGBOOM | Alert Time 09:46 | NIFTY move +65
2026-10-09 10:11:05 Trigger: MID move +41
2026-10-09 10:11:06 Sent: ASGBOOM | Alert Time 10:11 | MID move +41
2026-10-09 10:26:06 Trigger: NIFTY move +60
2026-10-09 10:26:07 Sent: ASGBOOM | Alert Time 10:26 | NIFTY move +60
2026-10-09 11:21:07 Trigger: MID move +31
2026-10-09 11:21:08 Sent: ASGBOOM | Alert Time 11:21 | MID move +31
2026-10-09 11:56:08 Trigger: MID move -37
2026-10-09 11:56:09 Sent: ASGBOOM | Alert Time 11:56 | MID move -37
2026-10-09 12:38:11 ASGBOOM stopped by user (Ctrl+C).
2026-10-09 12:38:13 ASGBOOM started (LIVE), window 09:17-15:12
2026-10-09 13:01:07 Sent: 🔴 NEAR PUT WALL 13:01 | Nifty 22504
2026-10-09 13:11:13 Trigger: MID move +38
2026-10-09 13:11:15 Sent: ASGBOOM | Alert Time 13:11 | MID move +38
2026-10-09 13:41:15 Trigger: BN move +157
2026-10-09 13:41:16 Sent: ASGBOOM | Alert Time 13:41 | BN move +157
2026-10-09 14:01:16 Trigger: MID move +38
2026-10-09 14:01:17 Sent: ASGBOOM | Alert Time 14:01 | MID move +38
2026-10-09 14:02:30 ASGBOOM stopped by user (Ctrl+C).
2026-10-09 14:02:32 ASGBOOM started (LIVE), window 09:17-15:12
2026-10-09 14:11:32 Trigger: NIFTY move +52
2026-10-09 14:11:33 Sent: ASGBOOM | Alert Time 14:11 | NIFTY move +52
2026-10-09 15:01:34 Trigger: MID move -36
2026-10-09 15:01:36 Sent: ASGBOOM | Alert Time 15:01 | MID move -36
2026-10-09 15:13:06 Reached 15:12 - ASGBOOM stopped for today.
